{"level":"error","message":"MongoDB connection failed:","service":"interview-platform","timestamp":"2026-02-18 13:39:42"}
{"level":"error","message":"MongoDB connection failed:","service":"interview-platform","timestamp":"2026-02-18 13:39:47"}
{"level":"error","message":"MongoDB connection failed:","service":"interview-platform","timestamp":"2026-02-18 13:39:52"}
{"level":"error","message":"MongoDB connection failed:","service":"interview-platform","timestamp":"2026-02-18 13:39:57"}
{"level":"error","message":"MongoDB connection failed:","service":"interview-platform","timestamp":"2026-02-18 13:40:02"}
{"level":"error","message":"MongoDB connection failed:","service":"interview-platform","timestamp":"2026-02-18 13:40:07"}
{"level":"error","message":"MongoDB connection failed:","service":"interview-platform","timestamp":"2026-02-18 13:40:12"}
{"level":"error","message":"MongoDB connection failed:","service":"interview-platform","timestamp":"2026-02-18 13:40:17"}
{"level":"error","message":"MongoDB connection failed:","service":"interview-platform","timestamp":"2026-02-18 13:40:22"}
{"level":"error","message":"MongoDB connection failed:","service":"interview-platform","timestamp":"2026-02-18 13:40:27"}
{"level":"error","message":"MongoDB connection failed:","service":"interview-platform","timestamp":"2026-02-18 13:40:32"}
{"level":"error","message":"MongoDB connection failed:","service":"interview-platform","timestamp":"2026-02-18 13:40:37"}
{"level":"error","message":"MongoDB connection failed:","service":"interview-platform","timestamp":"2026-02-18 13:40:42"}
{"level":"error","message":"MongoDB connection failed:","service":"interview-platform","timestamp":"2026-02-18 13:40:47"}
{"level":"error","message":"MongoDB connection failed:","service":"interview-platform","timestamp":"2026-02-18 13:40:52"}
{"level":"error","message":"MongoDB connection failed:","service":"interview-platform","timestamp":"2026-02-18 13:40:57"}
{"level":"error","message":"MongoDB connection failed:","service":"interview-platform","timestamp":"2026-02-18 13:41:02"}
{"level":"error","message":"MongoDB connection failed:","service":"interview-platform","timestamp":"2026-02-18 13:41:07"}
{"level":"error","message":"MongoDB connection failed:","service":"interview-platform","timestamp":"2026-02-18 13:41:12"}
{"level":"error","message":"MongoDB connection failed:","service":"interview-platform","timestamp":"2026-02-18 13:41:17"}
{"level":"error","message":"MongoDB connection failed:","service":"interview-platform","timestamp":"2026-02-18 13:41:22"}
{"level":"error","message":"MongoDB connection failed:","service":"interview-platform","timestamp":"2026-02-18 13:41:27"}
{"level":"error","message":"MongoDB connection failed:","service":"interview-platform","timestamp":"2026-02-18 13:41:32"}
{"level":"error","message":"MongoDB connection failed:","service":"interview-platform","timestamp":"2026-02-18 13:41:37"}
{"level":"error","message":"MongoDB connection failed:","service":"interview-platform","timestamp":"2026-02-18 13:41:42"}
{"level":"error","message":"MongoDB connection failed:","service":"interview-platform","timestamp":"2026-02-18 13:41:47"}
{"level":"error","message":"MongoDB connection failed:","service":"interview-platform","timestamp":"2026-02-18 13:41:52"}
{"level":"error","message":"MongoDB connection failed:","service":"interview-platform","timestamp":"2026-02-18 13:41:57"}
{"level":"error","message":"MongoDB connection failed:","service":"interview-platform","timestamp":"2026-02-18 13:42:02"}
{"level":"error","message":"MongoDB connection failed:","service":"interview-platform","timestamp":"2026-02-18 13:42:07"}
{"level":"error","message":"MongoDB connection failed:","service":"interview-platform","timestamp":"2026-02-18 13:42:12"}
{"level":"error","message":"MongoDB connection failed:","service":"interview-platform","timestamp":"2026-02-18 13:42:17"}
{"level":"error","message":"MongoDB connection failed:","service":"interview-platform","timestamp":"2026-02-18 13:42:22"}
{"level":"error","message":"MongoDB connection failed:","service":"interview-platform","timestamp":"2026-02-18 13:42:27"}
{"level":"error","message":"MongoDB connection failed:","service":"interview-platform","timestamp":"2026-02-18 13:42:32"}
{"level":"error","message":"MongoDB connection failed:","service":"interview-platform","timestamp":"2026-02-18 13:42:37"}
{"level":"error","message":"MongoDB connection failed:","service":"interview-platform","timestamp":"2026-02-18 13:42:42"}
{"level":"error","message":"MongoDB connection failed:","service":"interview-platform","timestamp":"2026-02-18 13:42:47"}
{"level":"error","message":"MongoDB connection failed:","service":"interview-platform","timestamp":"2026-02-18 13:42:52"}
{"level":"error","message":"MongoDB connection failed:","service":"interview-platform","timestamp":"2026-02-18 13:42:57"}
{"level":"error","message":"MongoDB connection failed:","service":"interview-platform","timestamp":"2026-02-18 13:43:02"}
{"level":"error","message":"MongoDB connection failed:","service":"interview-platform","timestamp":"2026-02-18 13:43:07"}
{"level":"error","message":"MongoDB connection failed:","service":"interview-platform","timestamp":"2026-02-18 13:43:12"}
{"level":"error","message":"MongoDB connection failed:","service":"interview-platform","timestamp":"2026-02-18 13:43:17"}
{"level":"error","message":"MongoDB connection failed:","service":"interview-platform","timestamp":"2026-02-18 13:43:22"}
{"level":"error","message":"MongoDB connection failed:","service":"interview-platform","timestamp":"2026-02-18 13:43:27"}
{"level":"error","message":"MongoDB connection failed:","service":"interview-platform","timestamp":"2026-02-18 13:43:32"}
{"level":"error","message":"MongoDB connection failed:","service":"interview-platform","timestamp":"2026-02-18 13:43:37"}
{"level":"error","message":"MongoDB connection failed:","service":"interview-platform","timestamp":"2026-02-18 13:43:42"}
{"level":"error","message":"MongoDB connection failed:","service":"interview-platform","timestamp":"2026-02-18 13:43:47"}
{"level":"error","message":"MongoDB connection failed:","service":"interview-platform","timestamp":"2026-02-18 13:43:52"}
{"level":"error","message":"MongoDB connection failed:","service":"interview-platform","timestamp":"2026-02-18 13:43:57"}
{"level":"error","message":"MongoDB connection failed:","service":"interview-platform","timestamp":"2026-02-18 13:44:02"}
{"level":"error","message":"MongoDB connection failed:","service":"interview-platform","timestamp":"2026-02-18 13:44:07"}
{"level":"error","message":"MongoDB connection failed:","service":"interview-platform","timestamp":"2026-02-18 13:44:12"}
{"level":"error","message":"MongoDB connection failed:","service":"interview-platform","timestamp":"2026-02-18 13:44:17"}
{"level":"error","message":"MongoDB connection failed:","service":"interview-platform","timestamp":"2026-02-18 13:44:22"}
{"level":"error","message":"MongoDB connection failed:","service":"interview-platform","timestamp":"2026-02-18 13:44:27"}
{"level":"error","message":"MongoDB connection failed:","service":"interview-platform","timestamp":"2026-02-18 13:44:32"}
{"level":"error","message":"MongoDB connection failed:","service":"interview-platform","timestamp":"2026-02-18 13:44:37"}
{"level":"error","message":"MongoDB connection failed:","service":"interview-platform","timestamp":"2026-02-18 13:44:42"}
{"level":"error","message":"MongoDB connection failed:","service":"interview-platform","timestamp":"2026-02-18 13:44:47"}
{"level":"error","message":"MongoDB connection failed:","service":"interview-platform","timestamp":"2026-02-18 13:44:52"}
{"level":"error","message":"MongoDB connection failed:","service":"interview-platform","timestamp":"2026-02-18 13:44:57"}
{"level":"error","message":"MongoDB connection failed:","service":"interview-platform","timestamp":"2026-02-18 13:45:02"}
{"level":"error","message":"MongoDB connection failed:","service":"interview-platform","timestamp":"2026-02-18 13:45:07"}
{"level":"error","message":"MongoDB connection failed:","service":"interview-platform","timestamp":"2026-02-18 13:45:12"}
{"level":"error","message":"MongoDB connection failed:","service":"interview-platform","timestamp":"2026-02-18 13:45:17"}
{"level":"error","message":"MongoDB connection failed:","service":"interview-platform","timestamp":"2026-02-18 13:45:22"}
{"level":"error","message":"MongoDB connection failed:","service":"interview-platform","timestamp":"2026-02-18 13:45:27"}
{"level":"error","message":"MongoDB connection failed:","service":"interview-platform","timestamp":"2026-02-18 13:45:32"}
{"level":"error","message":"MongoDB connection failed:","service":"interview-platform","timestamp":"2026-02-18 13:45:37"}
{"level":"error","message":"MongoDB connection failed:","service":"interview-platform","timestamp":"2026-02-18 13:45:42"}
{"level":"error","message":"MongoDB connection failed:","service":"interview-platform","timestamp":"2026-02-18 13:45:47"}
{"level":"error","message":"MongoDB connection failed:","service":"interview-platform","timestamp":"2026-02-18 13:45:52"}
{"level":"error","message":"MongoDB connection failed:","service":"interview-platform","timestamp":"2026-02-18 13:45:57"}
{"level":"error","message":"MongoDB connection failed:","service":"interview-platform","timestamp":"2026-02-18 13:46:02"}
{"level":"error","message":"MongoDB connection failed:","service":"interview-platform","timestamp":"2026-02-18 13:46:07"}
{"level":"error","message":"MongoDB connection failed:","service":"interview-platform","timestamp":"2026-02-18 13:46:12"}
{"level":"error","message":"MongoDB connection failed:","service":"interview-platform","timestamp":"2026-02-18 13:46:17"}
{"level":"error","message":"MongoDB connection failed:","service":"interview-platform","timestamp":"2026-02-18 13:46:22"}
{"level":"error","message":"MongoDB connection failed:","service":"interview-platform","timestamp":"2026-02-18 13:46:27"}
{"level":"error","message":"MongoDB connection failed:","service":"interview-platform","timestamp":"2026-02-18 13:46:32"}
{"level":"error","message":"MongoDB connection failed:","service":"interview-platform","timestamp":"2026-02-18 13:46:37"}
{"level":"error","message":"MongoDB connection failed:","service":"interview-platform","timestamp":"2026-02-18 13:46:42"}
{"level":"error","message":"MongoDB connection failed:","service":"interview-platform","timestamp":"2026-02-18 13:46:47"}
{"level":"error","message":"MongoDB connection failed:","service":"interview-platform","timestamp":"2026-02-18 13:46:52"}
{"level":"error","message":"MongoDB connection failed:","service":"interview-platform","timestamp":"2026-02-18 13:46:57"}
{"level":"error","message":"MongoDB connection failed:","service":"interview-platform","timestamp":"2026-02-18 13:47:02"}
{"level":"error","message":"MongoDB connection failed:","service":"interview-platform","timestamp":"2026-02-18 13:47:07"}
{"level":"error","message":"MongoDB connection failed:","service":"interview-platform","timestamp":"2026-02-18 13:47:12"}
{"level":"error","message":"MongoDB connection failed:","service":"interview-platform","timestamp":"2026-02-18 13:47:17"}
{"level":"error","message":"MongoDB connection failed:","service":"interview-platform","timestamp":"2026-02-18 13:47:22"}
{"level":"error","message":"MongoDB connection failed:","service":"interview-platform","timestamp":"2026-02-18 13:47:27"}
{"level":"error","message":"MongoDB connection failed:","service":"interview-platform","timestamp":"2026-02-18 13:47:33"}
{"level":"error","message":"MongoDB connection failed:","service":"interview-platform","timestamp":"2026-02-18 13:47:38"}
{"level":"error","message":"MongoDB connection failed:","service":"interview-platform","timestamp":"2026-02-18 13:47:43"}
{"level":"error","message":"MongoDB connection failed:","service":"interview-platform","timestamp":"2026-02-18 13:47:48"}
{"level":"error","message":"MongoDB connection failed:","service":"interview-platform","timestamp":"2026-02-18 13:47:53"}
{"level":"error","message":"MongoDB connection failed:","service":"interview-platform","timestamp":"2026-02-18 13:47:58"}
{"level":"error","message":"MongoDB connection failed:","service":"interview-platform","timestamp":"2026-02-18 13:48:03"}
{"level":"error","message":"MongoDB connection failed:","service":"interview-platform","timestamp":"2026-02-18 13:48:08"}
{"level":"error","message":"MongoDB connection failed:","service":"interview-platform","timestamp":"2026-02-18 13:48:13"}
{"level":"error","message":"MongoDB connection failed:","service":"interview-platform","timestamp":"2026-02-18 13:48:18"}
{"level":"error","message":"MongoDB connection failed:","service":"interview-platform","timestamp":"2026-02-18 13:48:23"}
{"level":"error","message":"MongoDB connection failed:","service":"interview-platform","timestamp":"2026-02-18 13:48:28"}
{"level":"error","message":"MongoDB connection failed:","service":"interview-platform","timestamp":"2026-02-18 13:48:33"}
{"level":"error","message":"MongoDB connection failed:","service":"interview-platform","timestamp":"2026-02-18 13:48:38"}
{"level":"error","message":"MongoDB connection failed:","service":"interview-platform","timestamp":"2026-02-18 13:48:43"}
{"level":"error","message":"MongoDB connection failed:","service":"interview-platform","timestamp":"2026-02-18 13:48:48"}
{"level":"error","message":"MongoDB connection failed:","service":"interview-platform","timestamp":"2026-02-18 13:48:53"}
{"level":"error","message":"MongoDB connection failed:","service":"interview-platform","timestamp":"2026-02-18 13:48:58"}
{"level":"error","message":"MongoDB connection failed:","service":"interview-platform","timestamp":"2026-02-18 13:49:03"}
{"level":"error","message":"MongoDB connection failed:","service":"interview-platform","timestamp":"2026-02-18 13:49:08"}
{"level":"error","message":"MongoDB connection failed:","service":"interview-platform","timestamp":"2026-02-18 13:49:13"}
{"level":"error","message":"MongoDB connection failed:","service":"interview-platform","timestamp":"2026-02-18 13:49:18"}
{"level":"error","message":"MongoDB connection failed:","service":"interview-platform","timestamp":"2026-02-18 13:49:23"}
{"level":"error","message":"MongoDB connection failed:","service":"interview-platform","timestamp":"2026-02-18 13:49:28"}
{"level":"error","message":"MongoDB connection failed:","service":"interview-platform","timestamp":"2026-02-18 13:49:33"}
{"level":"error","message":"MongoDB connection failed:","service":"interview-platform","timestamp":"2026-02-18 13:49:38"}
{"level":"error","message":"MongoDB connection failed:","service":"interview-platform","timestamp":"2026-02-18 13:49:43"}
{"level":"error","message":"MongoDB connection failed:","service":"interview-platform","timestamp":"2026-02-18 13:49:48"}
{"level":"error","message":"MongoDB connection failed:","service":"interview-platform","timestamp":"2026-02-18 13:49:53"}
{"level":"error","message":"MongoDB connection failed:","service":"interview-platform","timestamp":"2026-02-18 13:49:58"}
{"level":"error","message":"MongoDB connection failed:","service":"interview-platform","timestamp":"2026-02-18 13:50:03"}
{"level":"error","message":"MongoDB connection failed:","service":"interview-platform","timestamp":"2026-02-18 13:50:08"}
{"level":"error","message":"MongoDB connection failed:","service":"interview-platform","timestamp":"2026-02-18 13:50:13"}
{"level":"error","message":"MongoDB connection failed:","service":"interview-platform","timestamp":"2026-02-18 13:50:18"}
{"level":"error","message":"MongoDB connection failed:","service":"interview-platform","timestamp":"2026-02-18 13:50:23"}
{"level":"error","message":"MongoDB connection failed:","service":"interview-platform","timestamp":"2026-02-18 13:50:28"}
{"level":"error","message":"MongoDB connection failed:","service":"interview-platform","timestamp":"2026-02-18 13:50:33"}
{"level":"error","message":"MongoDB connection failed:","service":"interview-platform","timestamp":"2026-02-18 13:50:38"}
{"level":"error","message":"MongoDB connection failed:","service":"interview-platform","timestamp":"2026-02-18 13:50:43"}
{"level":"error","message":"MongoDB connection failed:","service":"interview-platform","timestamp":"2026-02-18 13:50:48"}
{"level":"error","message":"MongoDB connection failed:","service":"interview-platform","timestamp":"2026-02-18 13:50:53"}
{"level":"error","message":"MongoDB connection failed:","service":"interview-platform","timestamp":"2026-02-18 13:50:58"}
{"level":"error","message":"MongoDB connection failed:","service":"interview-platform","timestamp":"2026-02-18 13:51:03"}
{"level":"error","message":"MongoDB connection failed:","service":"interview-platform","timestamp":"2026-02-18 13:51:08"}
{"level":"error","message":"MongoDB connection failed:","service":"interview-platform","timestamp":"2026-02-18 13:51:13"}
{"level":"error","message":"MongoDB connection failed:","service":"interview-platform","timestamp":"2026-02-18 13:51:18"}
{"level":"error","message":"MongoDB connection failed:","service":"interview-platform","timestamp":"2026-02-18 13:51:23"}
{"level":"error","message":"MongoDB connection failed:","service":"interview-platform","timestamp":"2026-02-18 13:51:28"}
{"level":"error","message":"MongoDB connection failed:","service":"interview-platform","timestamp":"2026-02-18 13:51:33"}
{"level":"error","message":"MongoDB connection failed:","service":"interview-platform","timestamp":"2026-02-18 13:51:38"}
{"level":"error","message":"MongoDB connection failed:","service":"interview-platform","timestamp":"2026-02-18 13:51:43"}
{"level":"error","message":"MongoDB connection failed:","service":"interview-platform","timestamp":"2026-02-18 13:51:48"}
{"level":"error","message":"MongoDB connection failed:","service":"interview-platform","timestamp":"2026-02-18 13:51:53"}
{"level":"error","message":"MongoDB connection failed:","service":"interview-platform","timestamp":"2026-02-18 13:51:58"}
{"level":"error","message":"MongoDB connection failed:","service":"interview-platform","timestamp":"2026-02-18 13:52:03"}
{"level":"error","message":"MongoDB connection failed:","service":"interview-platform","timestamp":"2026-02-18 13:52:08"}
{"level":"error","message":"MongoDB connection failed:","service":"interview-platform","timestamp":"2026-02-18 13:52:13"}
{"level":"error","message":"MongoDB connection failed:","service":"interview-platform","timestamp":"2026-02-18 13:52:18"}
{"level":"error","message":"MongoDB connection failed:","service":"interview-platform","timestamp":"2026-02-18 13:52:23"}
{"level":"error","message":"MongoDB connection failed:","service":"interview-platform","timestamp":"2026-02-18 13:52:28"}
{"level":"error","message":"MongoDB connection failed:","service":"interview-platform","timestamp":"2026-02-18 13:52:33"}
{"level":"error","message":"MongoDB connection failed:","service":"interview-platform","timestamp":"2026-02-18 13:52:38"}
{"level":"error","message":"MongoDB connection failed:","service":"interview-platform","timestamp":"2026-02-18 13:52:43"}
{"level":"error","message":"MongoDB connection failed:","service":"interview-platform","timestamp":"2026-02-18 13:52:48"}
{"level":"error","message":"MongoDB connection failed:","service":"interview-platform","timestamp":"2026-02-18 13:52:53"}
{"level":"error","message":"MongoDB connection failed:","service":"interview-platform","timestamp":"2026-02-18 13:52:58"}
{"level":"error","message":"MongoDB connection failed:","service":"interview-platform","timestamp":"2026-02-18 13:53:03"}
{"level":"error","message":"MongoDB connection failed:","service":"interview-platform","timestamp":"2026-02-18 13:53:08"}
{"level":"error","message":"MongoDB connection failed:","service":"interview-platform","timestamp":"2026-02-18 13:53:13"}
{"level":"error","message":"MongoDB connection failed:","service":"interview-platform","timestamp":"2026-02-18 13:53:18"}
{"level":"error","message":"MongoDB connection failed:","service":"interview-platform","timestamp":"2026-02-18 13:53:23"}
{"level":"error","message":"MongoDB connection failed:","service":"interview-platform","timestamp":"2026-02-18 13:53:28"}
{"level":"error","message":"MongoDB connection failed:","service":"interview-platform","timestamp":"2026-02-18 13:53:33"}
{"level":"error","message":"MongoDB connection failed:","service":"interview-platform","timestamp":"2026-02-18 13:53:38"}
{"level":"error","message":"MongoDB connection failed:","service":"interview-platform","timestamp":"2026-02-18 13:53:43"}
{"level":"error","message":"MongoDB connection failed:","service":"interview-platform","timestamp":"2026-02-18 13:53:48"}
{"level":"error","message":"MongoDB connection failed:","service":"interview-platform","timestamp":"2026-02-18 13:53:53"}
{"level":"error","message":"MongoDB connection failed:","service":"interview-platform","timestamp":"2026-02-18 13:53:58"}
{"level":"error","message":"MongoDB connection failed:","service":"interview-platform","timestamp":"2026-02-18 13:54:03"}
{"level":"error","message":"MongoDB connection failed:","service":"interview-platform","timestamp":"2026-02-18 13:54:08"}
{"level":"error","message":"MongoDB connection failed:","service":"interview-platform","timestamp":"2026-02-18 13:54:13"}
{"level":"error","message":"MongoDB connection failed:","service":"interview-platform","timestamp":"2026-02-18 13:54:18"}
{"level":"error","message":"MongoDB connection failed:","service":"interview-platform","timestamp":"2026-02-18 13:54:23"}
{"level":"error","message":"MongoDB connection failed:","service":"interview-platform","timestamp":"2026-02-18 13:54:28"}
{"level":"error","message":"MongoDB connection failed:","service":"interview-platform","timestamp":"2026-02-18 13:54:33"}
{"level":"error","message":"MongoDB connection failed:","service":"interview-platform","timestamp":"2026-02-18 13:54:38"}
{"level":"error","message":"MongoDB connection failed:","service":"interview-platform","timestamp":"2026-02-18 13:54:43"}
{"level":"error","message":"MongoDB connection failed:","service":"interview-platform","timestamp":"2026-02-18 13:54:48"}
{"level":"error","message":"MongoDB connection failed:","service":"interview-platform","timestamp":"2026-02-18 13:54:53"}
{"level":"error","message":"MongoDB connection failed:","service":"interview-platform","timestamp":"2026-02-18 13:54:58"}
{"level":"error","message":"MongoDB connection failed:","service":"interview-platform","timestamp":"2026-02-18 13:55:03"}
{"level":"error","message":"MongoDB connection failed:","service":"interview-platform","timestamp":"2026-02-18 13:55:08"}
{"level":"error","message":"MongoDB connection failed:","service":"interview-platform","timestamp":"2026-02-18 13:55:13"}
{"level":"error","message":"MongoDB connection failed:","service":"interview-platform","timestamp":"2026-02-18 13:55:18"}
{"level":"error","message":"MongoDB connection failed:","service":"interview-platform","timestamp":"2026-02-18 13:55:23"}
{"level":"error","message":"MongoDB connection failed:","service":"interview-platform","timestamp":"2026-02-18 13:55:28"}
{"level":"error","message":"MongoDB connection failed:","service":"interview-platform","timestamp":"2026-02-18 13:55:33"}
{"level":"error","message":"MongoDB connection failed:","service":"interview-platform","timestamp":"2026-02-18 13:55:38"}
{"level":"error","message":"MongoDB connection failed:","service":"interview-platform","timestamp":"2026-02-18 13:55:43"}
{"level":"error","message":"MongoDB connection failed:","service":"interview-platform","timestamp":"2026-02-18 13:55:48"}
{"level":"error","message":"MongoDB connection failed:","service":"interview-platform","timestamp":"2026-02-18 13:55:53"}
{"level":"error","message":"MongoDB connection failed:","service":"interview-platform","timestamp":"2026-02-18 13:55:58"}
{"level":"error","message":"MongoDB connection failed:","service":"interview-platform","timestamp":"2026-02-18 13:56:03"}
{"level":"error","message":"MongoDB connection failed:","service":"interview-platform","timestamp":"2026-02-18 13:56:08"}
{"level":"error","message":"MongoDB connection failed:","service":"interview-platform","timestamp":"2026-02-18 13:56:13"}
{"level":"error","message":"MongoDB connection failed:","service":"interview-platform","timestamp":"2026-02-18 13:56:18"}
{"level":"error","message":"MongoDB connection failed:","service":"interview-platform","timestamp":"2026-02-18 13:56:23"}
{"level":"error","message":"MongoDB connection failed:","service":"interview-platform","timestamp":"2026-02-18 13:56:28"}
{"level":"error","message":"MongoDB connection failed:","service":"interview-platform","timestamp":"2026-02-18 13:56:33"}
{"level":"error","message":"MongoDB connection failed:","service":"interview-platform","timestamp":"2026-02-18 13:56:38"}
{"level":"error","message":"MongoDB connection failed:","service":"interview-platform","timestamp":"2026-02-18 13:56:43"}
{"level":"error","message":"MongoDB connection failed:","service":"interview-platform","timestamp":"2026-02-18 13:56:48"}
{"level":"error","message":"MongoDB connection failed:","service":"interview-platform","timestamp":"2026-02-18 13:56:54"}
{"level":"error","message":"MongoDB connection failed:","service":"interview-platform","timestamp":"2026-02-18 13:56:59"}
{"level":"error","message":"MongoDB connection failed:","service":"interview-platform","timestamp":"2026-02-18 13:57:04"}
{"level":"error","message":"MongoDB connection failed:","service":"interview-platform","timestamp":"2026-02-18 13:57:09"}
{"level":"error","message":"MongoDB connection failed:","service":"interview-platform","timestamp":"2026-02-18 13:57:14"}
{"level":"error","message":"MongoDB connection failed:","service":"interview-platform","timestamp":"2026-02-18 13:57:19"}
{"level":"error","message":"MongoDB connection failed:","service":"interview-platform","timestamp":"2026-02-18 13:57:24"}
{"level":"error","message":"MongoDB connection failed:","service":"interview-platform","timestamp":"2026-02-18 13:57:29"}
{"level":"error","message":"MongoDB connection failed:","service":"interview-platform","timestamp":"2026-02-18 13:57:34"}
{"level":"error","message":"MongoDB connection failed:","service":"interview-platform","timestamp":"2026-02-18 13:57:39"}
{"level":"error","message":"MongoDB connection failed:","service":"interview-platform","timestamp":"2026-02-18 13:57:44"}
{"level":"error","message":"MongoDB connection failed:","service":"interview-platform","timestamp":"2026-02-18 13:57:49"}
{"level":"error","message":"MongoDB connection failed:","service":"interview-platform","timestamp":"2026-02-18 13:57:54"}
{"level":"error","message":"MongoDB connection failed:","service":"interview-platform","timestamp":"2026-02-18 13:57:59"}
{"level":"error","message":"MongoDB connection failed:","service":"interview-platform","timestamp":"2026-02-18 13:58:05"}
{"level":"error","message":"MongoDB connection failed:","service":"interview-platform","timestamp":"2026-02-18 13:58:10"}
{"level":"error","message":"MongoDB connection failed:","service":"interview-platform","timestamp":"2026-02-18 13:58:15"}
{"level":"error","message":"MongoDB connection failed:","service":"interview-platform","timestamp":"2026-02-18 13:58:20"}
{"level":"error","message":"MongoDB connection failed:","service":"interview-platform","timestamp":"2026-02-18 13:58:25"}
{"level":"error","message":"MongoDB connection failed:","service":"interview-platform","timestamp":"2026-02-18 13:58:30"}
{"level":"error","message":"MongoDB connection failed:","service":"interview-platform","timestamp":"2026-02-18 13:58:35"}
{"level":"error","message":"MongoDB connection failed:","service":"interview-platform","timestamp":"2026-02-18 13:58:40"}
{"level":"error","message":"MongoDB connection failed:","service":"interview-platform","timestamp":"2026-02-18 13:58:45"}
{"level":"error","message":"MongoDB connection failed:","service":"interview-platform","timestamp":"2026-02-18 13:58:50"}
{"level":"error","message":"MongoDB connection failed:","service":"interview-platform","timestamp":"2026-02-18 13:58:55"}
{"level":"error","message":"MongoDB connection failed:","service":"interview-platform","timestamp":"2026-02-18 13:59:00"}
{"level":"error","message":"MongoDB connection failed:","service":"interview-platform","timestamp":"2026-02-18 13:59:05"}
{"level":"error","message":"MongoDB connection failed:","service":"interview-platform","timestamp":"2026-02-18 13:59:10"}
{"level":"error","message":"MongoDB connection failed:","service":"interview-platform","timestamp":"2026-02-18 13:59:15"}
{"level":"error","message":"MongoDB connection failed:","service":"interview-platform","timestamp":"2026-02-18 13:59:20"}
{"level":"error","message":"MongoDB connection failed:","service":"interview-platform","timestamp":"2026-02-18 13:59:25"}
{"level":"error","message":"MongoDB connection failed:","service":"interview-platform","timestamp":"2026-02-18 13:59:30"}
{"level":"error","message":"MongoDB connection failed:","service":"interview-platform","timestamp":"2026-02-18 13:59:35"}
{"level":"error","message":"MongoDB connection failed:","service":"interview-platform","timestamp":"2026-02-18 13:59:41"}
{"level":"error","message":"MongoDB connection failed:","service":"interview-platform","timestamp":"2026-02-18 13:59:46"}
{"level":"error","message":"MongoDB connection failed:","service":"interview-platform","timestamp":"2026-02-18 13:59:51"}
{"level":"error","message":"MongoDB connection failed:","service":"interview-platform","timestamp":"2026-02-18 13:59:56"}
{"level":"error","message":"MongoDB connection failed:","service":"interview-platform","timestamp":"2026-02-18 14:00:01"}
{"level":"error","message":"MongoDB connection failed:","service":"interview-platform","timestamp":"2026-02-18 14:00:06"}
{"level":"error","message":"MongoDB connection failed:","service":"interview-platform","timestamp":"2026-02-18 14:00:11"}
{"level":"error","message":"MongoDB connection failed:","service":"interview-platform","timestamp":"2026-02-18 14:00:16"}
{"level":"error","message":"MongoDB connection failed:","service":"interview-platform","timestamp":"2026-02-18 14:00:21"}
{"level":"error","message":"MongoDB connection failed:","service":"interview-platform","timestamp":"2026-02-18 14:00:26"}
{"level":"error","message":"MongoDB connection failed:","service":"interview-platform","timestamp":"2026-02-18 14:00:31"}
{"level":"error","message":"MongoDB connection failed:","service":"interview-platform","timestamp":"2026-02-18 14:00:36"}
{"level":"error","message":"MongoDB connection failed:","service":"interview-platform","timestamp":"2026-02-18 14:00:41"}
{"level":"error","message":"MongoDB connection failed:","service":"interview-platform","timestamp":"2026-02-18 14:00:46"}
{"level":"error","message":"MongoDB connection failed:","service":"interview-platform","timestamp":"2026-02-18 14:00:51"}
{"level":"error","message":"MongoDB connection failed:","service":"interview-platform","timestamp":"2026-02-18 14:00:56"}
{"level":"error","message":"MongoDB connection failed:","service":"interview-platform","timestamp":"2026-02-18 14:01:01"}
{"level":"error","message":"MongoDB connection failed:","service":"interview-platform","timestamp":"2026-02-18 14:01:06"}
{"level":"error","message":"MongoDB connection failed:","service":"interview-platform","timestamp":"2026-02-18 14:01:11"}
{"level":"error","message":"MongoDB connection failed:","service":"interview-platform","timestamp":"2026-02-18 14:01:16"}
{"level":"error","message":"MongoDB connection failed:","service":"interview-platform","timestamp":"2026-02-18 14:01:21"}
{"level":"error","message":"MongoDB connection failed:","service":"interview-platform","timestamp":"2026-02-18 14:01:26"}
{"level":"error","message":"MongoDB connection failed:","service":"interview-platform","timestamp":"2026-02-18 14:01:31"}
{"level":"error","message":"MongoDB connection failed:","service":"interview-platform","timestamp":"2026-02-18 14:01:36"}
{"level":"error","message":"MongoDB connection failed:","service":"interview-platform","timestamp":"2026-02-18 14:01:41"}
{"level":"error","message":"MongoDB connection failed:","service":"interview-platform","timestamp":"2026-02-18 14:01:46"}
{"level":"error","message":"MongoDB connection failed:","service":"interview-platform","timestamp":"2026-02-18 14:01:51"}
{"level":"error","message":"MongoDB connection failed:","service":"interview-platform","timestamp":"2026-02-18 14:01:56"}
{"level":"error","message":"MongoDB connection failed:","service":"interview-platform","timestamp":"2026-02-18 14:02:01"}
{"level":"error","message":"MongoDB connection failed:","service":"interview-platform","timestamp":"2026-02-18 14:02:06"}
{"level":"error","message":"MongoDB connection failed:","service":"interview-platform","timestamp":"2026-02-18 14:02:27"}
{"level":"error","message":"MongoDB connection failed:","service":"interview-platform","timestamp":"2026-02-18 14:02:32"}
{"level":"error","message":"MongoDB connection failed:","service":"interview-platform","timestamp":"2026-02-18 14:02:37"}
{"level":"error","message":"MongoDB connection failed:","service":"interview-platform","timestamp":"2026-02-18 14:02:42"}
{"level":"error","message":"MongoDB connection failed:","service":"interview-platform","timestamp":"2026-02-18 14:02:47"}
{"level":"error","message":"MongoDB connection failed:","service":"interview-platform","timestamp":"2026-02-18 14:03:02"}
{"level":"error","message":"MongoDB connection failed:","service":"interview-platform","timestamp":"2026-02-18 14:04:03"}
{"level":"error","message":"MongoDB connection failed:","service":"interview-platform","timestamp":"2026-02-18 14:04:08"}
{"level":"error","message":"MongoDB connection failed:","service":"interview-platform","timestamp":"2026-02-18 14:06:20"}
{"level":"error","message":"MongoDB connection failed:","service":"interview-platform","timestamp":"2026-02-18 14:06:25"}
{"level":"error","message":"MongoDB connection failed:","service":"interview-platform","timestamp":"2026-02-18 14:06:30"}
{"level":"error","message":"MongoDB connection failed:","service":"interview-platform","timestamp":"2026-02-18 14:06:35"}
{"level":"error","message":"MongoDB connection failed:","service":"interview-platform","timestamp":"2026-02-18 14:06:40"}
{"level":"error","message":"MongoDB connection failed:","service":"interview-platform","timestamp":"2026-02-18 14:06:46"}
{"level":"error","message":"MongoDB connection failed:","service":"interview-platform","timestamp":"2026-02-18 14:06:51"}
{"level":"error","message":"MongoDB connection failed:","service":"interview-platform","timestamp":"2026-02-18 14:06:56"}
{"level":"error","message":"MongoDB connection failed:","service":"interview-platform","timestamp":"2026-02-18 14:07:01"}
{"level":"error","message":"MongoDB connection failed:","service":"interview-platform","timestamp":"2026-02-18 14:07:07"}
{"level":"error","message":"MongoDB connection failed:","service":"interview-platform","timestamp":"2026-02-18 14:07:12"}
{"level":"error","message":"MongoDB connection failed:","service":"interview-platform","timestamp":"2026-02-18 14:07:17"}
{"level":"error","message":"MongoDB connection failed:","service":"interview-platform","timestamp":"2026-02-18 14:07:22"}
{"level":"error","message":"MongoDB connection failed:","service":"interview-platform","timestamp":"2026-02-18 14:07:28"}
{"level":"error","message":"MongoDB connection failed:","service":"interview-platform","timestamp":"2026-02-18 14:07:33"}
{"level":"error","message":"MongoDB connection failed:","service":"interview-platform","timestamp":"2026-02-18 14:08:10"}
{"level":"error","message":"MongoDB connection failed:","service":"interview-platform","timestamp":"2026-02-18 14:08:16"}
{"level":"error","message":"MongoDB connection failed:","service":"interview-platform","timestamp":"2026-02-18 14:08:21"}
{"level":"error","message":"MongoDB connection failed:","service":"interview-platform","timestamp":"2026-02-18 14:08:26"}
{"level":"error","message":"MongoDB connection failed:","service":"interview-platform","timestamp":"2026-02-18 14:08:31"}
{"level":"error","message":"MongoDB connection failed:","service":"interview-platform","timestamp":"2026-02-18 14:08:36"}
{"level":"error","message":"MongoDB connection failed:","service":"interview-platform","timestamp":"2026-02-18 14:08:41"}
{"level":"error","message":"MongoDB connection failed:","service":"interview-platform","timestamp":"2026-02-18 14:08:47"}
{"level":"error","message":"MongoDB connection failed:","service":"interview-platform","timestamp":"2026-02-18 14:08:52"}
{"level":"error","message":"MongoDB connection failed:","service":"interview-platform","timestamp":"2026-02-18 14:11:42"}
{"level":"error","message":"MongoDB connection failed:","service":"interview-platform","timestamp":"2026-02-18 14:11:48"}
{"level":"error","message":"MongoDB connection failed:","service":"interview-platform","timestamp":"2026-02-18 14:11:53"}
{"level":"error","message":"Email failed to interviewer1@g.com [SCHEDULE]:","service":"interview-platform","timestamp":"2026-02-18 14:47:21"}
{"level":"error","message":"Email failed to user1@g.com [SCHEDULE]:","service":"interview-platform","timestamp":"2026-02-18 14:47:21"}
{"level":"error","message":"Email failed to user1@g.com [START]:","service":"interview-platform","timestamp":"2026-02-18 14:49:55"}
{"level":"error","message":"lobby:enter error: req is not defined","service":"interview-platform","stack":"ReferenceError: req is not defined\n    at Socket.<anonymous> (C:\\Users\\ADMIN\\Desktop\\interview-platform\\interview-platform\\server\\socket\\index.js:157:20)\n    at process.processTicksAndRejections (node:internal/process/task_queues:105:5)","timestamp":"2026-02-18 16:27:01"}
{"level":"error","message":"lobby:enter error: req is not defined","service":"interview-platform","stack":"ReferenceError: req is not defined\n    at Socket.<anonymous> (C:\\Users\\ADMIN\\Desktop\\interview-platform\\interview-platform\\server\\socket\\index.js:157:20)\n    at process.processTicksAndRejections (node:internal/process/task_queues:105:5)","timestamp":"2026-02-18 16:27:01"}
{"level":"error","message":"lobby:enter error: req is not defined","service":"interview-platform","stack":"ReferenceError: req is not defined\n    at Socket.<anonymous> (C:\\Users\\ADMIN\\Desktop\\interview-platform\\interview-platform\\server\\socket\\index.js:157:20)\n    at process.processTicksAndRejections (node:internal/process/task_queues:105:5)","timestamp":"2026-02-18 16:27:22"}
{"level":"error","message":"lobby:enter error: req is not defined","service":"interview-platform","stack":"ReferenceError: req is not defined\n    at Socket.<anonymous> (C:\\Users\\ADMIN\\Desktop\\interview-platform\\interview-platform\\server\\socket\\index.js:157:20)\n    at process.processTicksAndRejections (node:internal/process/task_queues:105:5)","timestamp":"2026-02-18 16:27:22"}
{"level":"error","message":"lobby:enter error: req is not defined","service":"interview-platform","stack":"ReferenceError: req is not defined\n    at Socket.<anonymous> (C:\\Users\\ADMIN\\Desktop\\interview-platform\\interview-platform\\server\\socket\\index.js:157:20)\n    at process.processTicksAndRejections (node:internal/process/task_queues:105:5)","timestamp":"2026-02-18 16:27:48"}
{"level":"error","message":"lobby:enter error: req is not defined","service":"interview-platform","stack":"ReferenceError: req is not defined\n    at Socket.<anonymous> (C:\\Users\\ADMIN\\Desktop\\interview-platform\\interview-platform\\server\\socket\\index.js:157:20)\n    at process.processTicksAndRejections (node:internal/process/task_queues:105:5)","timestamp":"2026-02-18 16:27:48"}
{"level":"error","message":"lobby:enter error: req is not defined","service":"interview-platform","stack":"ReferenceError: req is not defined\n    at Socket.<anonymous> (C:\\Users\\ADMIN\\Desktop\\interview-platform\\interview-platform\\server\\socket\\index.js:157:20)\n    at process.processTicksAndRejections (node:internal/process/task_queues:105:5)","timestamp":"2026-02-18 17:03:13"}
{"level":"error","message":"lobby:enter error: req is not defined","service":"interview-platform","stack":"ReferenceError: req is not defined\n    at Socket.<anonymous> (C:\\Users\\ADMIN\\Desktop\\interview-platform\\interview-platform\\server\\socket\\index.js:157:20)\n    at process.processTicksAndRejections (node:internal/process/task_queues:105:5)","timestamp":"2026-02-18 17:03:13"}
